Unity EditMode TestRunner API after-fix run
StartedUtc=2026-07-24T05:20:54.3670614Z
Unity=6000.4.6f1
RunStarted=2026-07-24T05:20:55.4402179Z
Root=Last Host
TEST|Passed|0.0111597|LastHost.Prototype.Tests.EditMode.RatHostPrototypeCoreTests.HostInstinctControlSpike_MovementAwayFromDangerResetsForcedControlHold
TEST|Passed|0.0003206|LastHost.Prototype.Tests.EditMode.RatHostPrototypeCoreTests.HostInstinctControlSpike_RepeatedInputTowardDangerTriggersForcedControlOnce
TEST|Passed|0.0014852|LastHost.Prototype.Tests.EditMode.RatHostPrototypeCoreTests.ImmuneAlert_ReachesThresholdOnce_AndCanResetForNextLoop
TEST|Passed|0.0068859|LastHost.Prototype.Tests.EditMode.RatHostPrototypeCoreTests.ImmuneRiskZone_ForcedControlSpikeStoresFeedbackWithoutHostDamage
TEST|Passed|0.0020746|LastHost.Prototype.Tests.EditMode.RatHostPrototypeCoreTests.ImmuneRiskZone_InternalVirusModeExposureDoesNotChangeImmuneAlertOrHostHealth
TEST|Passed|0.0041696|LastHost.Prototype.Tests.EditMode.RatHostPrototypeCoreTests.ImmuneRiskZone_MutationReturnGraceSuppressesImmediateContaminationOnly
TEST|Passed|0.1703217|LastHost.Prototype.Tests.EditMode.RatHostPrototypeCoreTests.ImmuneRiskZone_NearbyRatInputTowardZoneTriggersForcedControlFeedback
TEST|Passed|0.0020825|LastHost.Prototype.Tests.EditMode.RatHostPrototypeCoreTests.ImmuneRiskZone_NonRatStayDoesNotChangeImmuneAlertOrHostHealth
TEST|Passed|0.0031656|LastHost.Prototype.Tests.EditMode.RatHostPrototypeCoreTests.ImmuneRiskZone_OverlappingRatBoundsStoresContaminationFeedbackWithoutTriggerCallback
TEST|Passed|0.0012095|LastHost.Prototype.Tests.EditMode.RatHostPrototypeCoreTests.ImmuneRiskZone_RatStayStoresContaminationFeedbackAndActualDelta
TEST|Passed|0.0011843|LastHost.Prototype.Tests.EditMode.RatHostPrototypeCoreTests.ImmuneSignalSuppression_AccurateInputsReachSuccess
TEST|Passed|0.0005714|LastHost.Prototype.Tests.EditMode.RatHostPrototypeCoreTests.ImmuneSignalSuppression_MissedSignalsFailWhenGoalIsImpossible
TEST|Passed|0.0006398|LastHost.Prototype.Tests.EditMode.RatHostPrototypeCoreTests.ImmuneSignalSuppression_MistimedInputsDamageStabilityAndCanFail
TEST|Passed|0.0004783|LastHost.Prototype.Tests.EditMode.RatHostPrototypeCoreTests.ImmuneSignalSuppression_StageOneKeepsFixedNormalIntervals
TEST|Passed|0.0006685|LastHost.Prototype.Tests.EditMode.RatHostPrototypeCoreTests.ImmuneSignalSuppression_StageTwoUsesDeterministicFastSignalIntervalAndResets
TEST|Passed|0.0022228|LastHost.Prototype.Tests.EditMode.RatHostPrototypeCoreTests.MutationLoadout_AppliesPrototypeEffects
TEST|Passed|0.0039884|LastHost.Prototype.Tests.EditMode.RatHostPrototypeCoreTests.PrototypeCameraController_CyclesThroughThirdPersonQuarterViewAndTopView
TEST|Passed|0.0023419|LastHost.Prototype.Tests.EditMode.RatHostPrototypeCoreTests.PrototypeCameraController_QuarterViewFollowsHostWithoutSmoothingLag
TEST|Passed|0.0062611|LastHost.Prototype.Tests.EditMode.RatHostPrototypeCoreTests.PrototypeCameraController_QuarterViewOutputPixelSnapOnlySnapsCameraScreenPlane
TEST|Passed|0.0019893|LastHost.Prototype.Tests.EditMode.RatHostPrototypeCoreTests.PrototypeCameraController_QuarterViewUsesLeftRearDominantCameraAxis
TEST|Passed|0.0016254|LastHost.Prototype.Tests.EditMode.RatHostPrototypeCoreTests.PrototypeCameraController_ThirdPersonDoesNotOrbitWhenRatTurns
TEST|Passed|0.0009093|LastHost.Prototype.Tests.EditMode.RatHostPrototypeCoreTests.PrototypeCameraController_TopViewLooksStraightDown
TEST|Passed|0.0013449|LastHost.Prototype.Tests.EditMode.RatHostPrototypeCoreTests.PrototypeCameraOutputPixelSnapper_UsesOriginalPositionForNonOrthographicOrInvalidHeight
TEST|Passed|0.0164313|LastHost.Prototype.Tests.EditMode.RatHostPrototypeCoreTests.PrototypeHud_ReturnsToRiskPromptAfterImmuneAlertFeedbackExpires
TEST|Passed|0.003664|LastHost.Prototype.Tests.EditMode.RatHostPrototypeCoreTests.PrototypeHud_ShowsImmuneAlertCauseFeedbackBeforeRatObjective
TEST|Passed|0.0034411|LastHost.Prototype.Tests.EditMode.RatHostPrototypeCoreTests.PrototypeHud_ShowsRecommendedVirusFailureCopyAndReturnPanel
TEST|Passed|0.0023615|LastHost.Prototype.Tests.EditMode.RatHostPrototypeCoreTests.PrototypeHud_ShowsRiskInteractionPromptWhenRatCanInteract
TEST|Passed|0.0059144|LastHost.Prototype.Tests.EditMode.RatHostPrototypeCoreTests.PrototypeHud_ShowsSignalSuppressionPanelWithMovingMarker
TEST|Passed|0.0035724|LastHost.Prototype.Tests.EditMode.RatHostPrototypeCoreTests.PrototypeHud_ShowsStageTwoAndFastNextSignalStatus
TEST|Passed|0.0027063|LastHost.Prototype.Tests.EditMode.RatHostPrototypeCoreTests.PrototypeHud_ShowsVirusPatternExposureDuringInternalAndMutationSelection
TEST|Passed|0.0066679|LastHost.Prototype.Tests.EditMode.RatHostPrototypeCoreTests.PrototypeHud_SignalSuppressionCuePulsesMarkerBeforeReady
TEST|Passed|0.0040778|LastHost.Prototype.Tests.EditMode.RatHostPrototypeCoreTests.PrototypeKeyboardInput_ComposesCameraRelativeMovement
TEST|Passed|0.0003708|LastHost.Prototype.Tests.EditMode.RatHostPrototypeCoreTests.PrototypeKeyboardInput_ComposesNormalizedMovement
TEST|Passed|0.0003001|LastHost.Prototype.Tests.EditMode.RatHostPrototypeCoreTests.PrototypeKeyboardInput_MapsCameraToggleKey
TEST|Passed|0.0002162|LastHost.Prototype.Tests.EditMode.RatHostPrototypeCoreTests.PrototypeKeyboardInput_MapsDebugSignalSuppressionKey
TEST|Passed|0.0001936|LastHost.Prototype.Tests.EditMode.RatHostPrototypeCoreTests.PrototypeKeyboardInput_MapsInteractKey
TEST|Passed|0.0004892|LastHost.Prototype.Tests.EditMode.RatHostPrototypeCoreTests.PrototypeKeyboardInput_MapsMutationSelectionKeys
TEST|Passed|0.0087511|LastHost.Prototype.Tests.EditMode.RatHostPrototypeCoreTests.RatDirectionalSpriteAssets_ShareCanvasAndPivotForDirectionalVisibleFootOffsets
TEST|Passed|0.0029775|LastHost.Prototype.Tests.EditMode.RatHostPrototypeCoreTests.RatDirectionalSpriteView_IdleKeepsLastResolvedDirection
TEST|Passed|0.0037607|LastHost.Prototype.Tests.EditMode.RatHostPrototypeCoreTests.RatDirectionalSpriteView_KeepsGroundHeightAcrossRiskTriggerAndExcludesOwnCharacterController
TEST|Passed|0.0035688|LastHost.Prototype.Tests.EditMode.RatHostPrototypeCoreTests.RatDirectionalSpriteView_PixelSnapKeepsHostAndGroundClearanceWhileSnappingVisualHorizontally
TEST|Passed|0.0072191|LastHost.Prototype.Tests.EditMode.RatHostPrototypeCoreTests.RatDirectionalSpriteView_WalkCyclesAtEightFpsAndReturnsToLastIdleDirection
TEST|Passed|0.0010623|LastHost.Prototype.Tests.EditMode.RatHostPrototypeCoreTests.RatDirectionQuantizer_MapsAllEightCameraRelativeDirections
TEST|Passed|0.1354824|LastHost.Prototype.Tests.EditMode.RatHostPrototypeCoreTests.RatHostController_UpdateDoesNotMoveInactiveCharacterController
TEST|Passed|0.0003321|LastHost.Prototype.Tests.EditMode.RatHostPrototypeCoreTests.RatHostControlModel_HighControlAgainstInstinctDoesNotApplyDemerit
TEST|Passed|0.0003259|LastHost.Prototype.Tests.EditMode.RatHostPrototypeCoreTests.RatHostControlModel_HighControlOverridesHostInstinct
TEST|Passed|0.0003058|LastHost.Prototype.Tests.EditMode.RatHostPrototypeCoreTests.RatHostControlModel_LowControlAgainstInstinctAppliesDemerit
TEST|Passed|0.0002639|LastHost.Prototype.Tests.EditMode.RatHostPrototypeCoreTests.RatHostControlModel_LowControlKeepsPlayerInputDirection
TEST|Passed|0.0003336|LastHost.Prototype.Tests.EditMode.RatHostPrototypeCoreTests.RatHostControlModel_NoInputFollowsHostInstinctAtPassiveSpeed
TEST|Passed|0.0003035|LastHost.Prototype.Tests.EditMode.RatHostPrototypeCoreTests.RatHostControlModel_NoInputStopsWhenHostInstinctIsPaused
TEST|Passed|0.0002916|LastHost.Prototype.Tests.EditMode.RatHostPrototypeCoreTests.RatHostControlModel_PlayerInputStillWorksWhileHostInstinctIsPaused
TEST|Passed|0.0002612|LastHost.Prototype.Tests.EditMode.RatHostPrototypeCoreTests.RatHostInstinctWander_BoundarySteersAlongWallInsteadOfVerticalBounce
TEST|Passed|0.0003121|LastHost.Prototype.Tests.EditMode.RatHostPrototypeCoreTests.RatHostInstinctWander_PeriodicTurnChangesInstinctDirection
TEST|Passed|0.8056136|LastHost.Prototype.Tests.EditMode.RatHostPrototypeCoreTests.RatHostPrototypeScene_DefaultsToQuarterViewMainCameraController
TEST|Passed|0.8579319|LastHost.Prototype.Tests.EditMode.RatHostPrototypeCoreTests.RatHostPrototypeScene_FailurePanelUsesReturnCopy
TEST|Passed|0.7632937|LastHost.Prototype.Tests.EditMode.RatHostPrototypeCoreTests.RatHostPrototypeScene_NoisyPipeIncludesReadablePipeValveMarkers
TEST|Passed|0.7645167|LastHost.Prototype.Tests.EditMode.RatHostPrototypeCoreTests.RatHostPrototypeScene_QuarterViewOffsetUsesLeftRearDominantCameraAxis
TEST|Passed|0.7331909|LastHost.Prototype.Tests.EditMode.RatHostPrototypeCoreTests.RatHostPrototypeScene_StartsWithRatVisibleToCamera
TEST|Passed|0.7576339|LastHost.Prototype.Tests.EditMode.RatHostPrototypeCoreTests.RatHostPrototypeScene_ToxicWaterRiskZoneOverlapRaisesHudFeedback
TEST|Passed|0.9754002|LastHost.Prototype.Tests.EditMode.RatHostPrototypeCoreTests.RatHostPrototypeScene_ToxicWaterRiskZoneSupportsCharacterControllerTriggerDelivery
TEST|Passed|0.000396|LastHost.Prototype.Tests.EditMode.RatHostPrototypeCoreTests.RatVisualGroundingResolver_ExcludesTriggersAndSelectsGroundSurface
TEST|Passed|0.0003068|LastHost.Prototype.Tests.EditMode.RatHostPrototypeCoreTests.RatVisualPixelSnapper_InvalidPixelsPerUnitUsesOriginalPosition
TEST|Passed|0.0039756|LastHost.Prototype.Tests.EditMode.RatHostPrototypeCoreTests.Session_ClearsRiskPromptWhenFeedbackAlertEntersVirusMode
TEST|Passed|0.000583|LastHost.Prototype.Tests.EditMode.RatHostPrototypeCoreTests.Session_ConfiguredBaseAlertMovesFromRatModeToVirusMode
TEST|Passed|0.0002998|LastHost.Prototype.Tests.EditMode.RatHostPrototypeCoreTests.Session_ContaminationAlertThresholdKeepsWhiteBloodCellEvasion
TEST|Passed|0.0002595|LastHost.Prototype.Tests.EditMode.RatHostPrototypeCoreTests.Session_ContinuousImmuneAlertFeedbackAccumulatesSmallSameCauseDeltas
TEST|Passed|0.0007267|LastHost.Prototype.Tests.EditMode.RatHostPrototypeCoreTests.Session_DefaultInternalMinigameTypeRemainsWhiteBloodCellEvasion
TEST|Passed|0.000256|LastHost.Prototype.Tests.EditMode.RatHostPrototypeCoreTests.Session_DefaultRatModeTickDoesNotRaiseImmuneAlert
TEST|Passed|0.0006338|LastHost.Prototype.Tests.EditMode.RatHostPrototypeCoreTests.Session_FailedInternalResponseAddsExtraWhiteBloodCellPressure
TEST|Passed|0.000655|LastHost.Prototype.Tests.EditMode.RatHostPrototypeCoreTests.Session_FailedVirusRunReturnsToRatModeWithoutMutationReward
TEST|Passed|0.000241|LastHost.Prototype.Tests.EditMode.RatHostPrototypeCoreTests.Session_FirstWhiteBloodCellResponseKeepsBaseDifficulty
TEST|Passed|0.0002931|LastHost.Prototype.Tests.EditMode.RatHostPrototypeCoreTests.Session_ForcedControlAlertThresholdSelectsSignalSuppression
TEST|Passed|0.0002298|LastHost.Prototype.Tests.EditMode.RatHostPrototypeCoreTests.Session_ImmuneAlertFeedbackExpiresAfterConfiguredRatModeTime
TEST|Passed|0.0002488|LastHost.Prototype.Tests.EditMode.RatHostPrototypeCoreTests.Session_ImmuneSignalOrAlarmCausePreservesSignalSuppressionWithExistingFeedbackLabels("면역 신호")
TEST|Passed|5.9E-05|LastHost.Prototype.Tests.EditMode.RatHostPrototypeCoreTests.Session_ImmuneSignalOrAlarmCausePreservesSignalSuppressionWithExistingFeedbackLabels("경보")
TEST|Passed|0.0003217|LastHost.Prototype.Tests.EditMode.RatHostPrototypeCoreTests.Session_ImmuneSignalSuppressionFailureReturnsWithoutMutationReward
TEST|Passed|0.0003997|LastHost.Prototype.Tests.EditMode.RatHostPrototypeCoreTests.Session_ImmuneSignalSuppressionSuccessMovesToMutationSelection
TEST|Passed|0.0007786|LastHost.Prototype.Tests.EditMode.RatHostPrototypeCoreTests.Session_NoisyPipeRiskAlertStoresCauseFeedbackAndActualDelta
TEST|Passed|0.0002942|LastHost.Prototype.Tests.EditMode.RatHostPrototypeCoreTests.Session_NoisyTissueAlertThresholdSelectsSignalSuppression
TEST|Passed|0.0004012|LastHost.Prototype.Tests.EditMode.RatHostPrototypeCoreTests.Session_RatRiskInteractionAffordanceRequiresReadablePrompt
TEST|Passed|0.0002743|LastHost.Prototype.Tests.EditMode.RatHostPrototypeCoreTests.Session_RatRiskInteractionAffordanceTracksPromptAndCanClear
TEST|Passed|0.0004503|LastHost.Prototype.Tests.EditMode.RatHostPrototypeCoreTests.Session_RepeatedInternalResponsesIncreaseWhiteBloodCellSpeedMultiplier
TEST|Passed|0.0003309|LastHost.Prototype.Tests.EditMode.RatHostPrototypeCoreTests.Session_SecondInternalResponseUsesSignalSuppressionStageTwoAndPreservesOutcomeFlow
TEST|Passed|0.0003667|LastHost.Prototype.Tests.EditMode.RatHostPrototypeCoreTests.Session_SignalSuppressionCueActivatesBeforeAccurateWindow
TEST|Passed|0.0002649|LastHost.Prototype.Tests.EditMode.RatHostPrototypeCoreTests.Session_SignalSuppressionFailureMakesNextInternalResponseStageTwo
TEST|Passed|0.0002253|LastHost.Prototype.Tests.EditMode.RatHostPrototypeCoreTests.Session_SuccessThenMutationSelection_ReturnsToRatModeWithMutationEffect
TEST|Passed|0.0003565|LastHost.Prototype.Tests.EditMode.RatHostPrototypeCoreTests.Session_TypedAlertCauseSelectsMappedMinigameRegardlessOfFeedbackLabel(ContaminationExposure,WhiteBloodCellEvasion)
TEST|Passed|0.0001134|LastHost.Prototype.Tests.EditMode.RatHostPrototypeCoreTests.Session_TypedAlertCauseSelectsMappedMinigameRegardlessOfFeedbackLabel(ImmuneDetection,WhiteBloodCellEvasion)
TEST|Passed|7.3E-05|LastHost.Prototype.Tests.EditMode.RatHostPrototypeCoreTests.Session_TypedAlertCauseSelectsMappedMinigameRegardlessOfFeedbackLabel(VirusPatternExposure,WhiteBloodCellEvasion)
TEST|Passed|0.0001052|LastHost.Prototype.Tests.EditMode.RatHostPrototypeCoreTests.Session_TypedAlertCauseSelectsMappedMinigameRegardlessOfFeedbackLabel(ForcedHostControl,ImmuneSignalSuppression)
TEST|Passed|0.0001437|LastHost.Prototype.Tests.EditMode.RatHostPrototypeCoreTests.Session_TypedAlertCauseSelectsMappedMinigameRegardlessOfFeedbackLabel(NoiseOrTissueIrritation,ImmuneSignalSuppression)
TEST|Passed|0.0001111|LastHost.Prototype.Tests.EditMode.RatHostPrototypeCoreTests.Session_TypedAlertCauseSelectsMappedMinigameRegardlessOfFeedbackLabel(ImmuneSignalOrAlarm,ImmuneSignalSuppression)
TEST|Passed|0.0004944|LastHost.Prototype.Tests.EditMode.RatHostPrototypeCoreTests.Session_UnlabeledAlertThresholdUsesDefaultInternalMinigame
TEST|Passed|0.000426|LastHost.Prototype.Tests.EditMode.RatHostPrototypeCoreTests.Session_UnspecifiedTypedAndLegacyLabeledAlertsUseConfiguredDefaultMinigame
TEST|Passed|0.0002506|LastHost.Prototype.Tests.EditMode.RatHostPrototypeCoreTests.Session_VirusPatternAlertThresholdKeepsWhiteBloodCellEvasion
TEST|Passed|0.0003366|LastHost.Prototype.Tests.EditMode.RatHostPrototypeCoreTests.Session_VirusPatternExposureRaisesSuccessfulReturnImmuneAlertAndClears
TEST|Passed|0.0002396|LastHost.Prototype.Tests.EditMode.RatHostPrototypeCoreTests.Session_WhiteBloodCellHitRecordsVirusPatternExposureFeedback
TEST|Passed|0.0001856|LastHost.Prototype.Tests.EditMode.RatHostPrototypeCoreTests.Session_WhiteBloodCellSpeedMultiplierIsCapped
TEST|Passed|0.0002477|LastHost.Prototype.Tests.EditMode.RatHostPrototypeCoreTests.VirusMinigame_RetryRestoresStabilityAndFragmentCount
TEST|Passed|0.0002096|LastHost.Prototype.Tests.EditMode.RatHostPrototypeCoreTests.VirusMinigame_SuccessBeatsFailure_WhenSameFrameCollectsFinalFragmentAndTakesHit
TEST|Passed|0.0016265|LastHost.Prototype.Tests.EditMode.RatHostPrototypeCoreTests.VirusMinigameController_AppliesSessionWhiteBloodCellSpeedMultiplier
RunFinished=2026-07-24T05:21:01.8780399Z
ResultState=Passed
Pass=101
Fail=0
Skip=0
Inconclusive=0
Duration=6.3731956
RunId=c7ba0367-3339-4c63-aec5-b1deb3a949e8
ExecuteReturnedUtc=2026-07-24T05:21:02.7317104Z
