Unity EditMode TestRunner API run
StartedUtc=2026-07-24T05:11:05.4892809Z
Unity=6000.4.6f1
RunStarted=2026-07-24T05:11:06.8330162Z
Root=Last Host
TEST|Passed|0.0127405|LastHost.Prototype.Tests.EditMode.RatHostPrototypeCoreTests.HostInstinctControlSpike_MovementAwayFromDangerResetsForcedControlHold
TEST|Passed|0.0005092|LastHost.Prototype.Tests.EditMode.RatHostPrototypeCoreTests.HostInstinctControlSpike_RepeatedInputTowardDangerTriggersForcedControlOnce
TEST|Passed|0.010013|LastHost.Prototype.Tests.EditMode.RatHostPrototypeCoreTests.ImmuneAlert_ReachesThresholdOnce_AndCanResetForNextLoop
TEST|Passed|0.0017372|LastHost.Prototype.Tests.EditMode.RatHostPrototypeCoreTests.ImmuneRiskZone_ForcedControlSpikeStoresFeedbackWithoutHostDamage
TEST|Passed|0.0011719|LastHost.Prototype.Tests.EditMode.RatHostPrototypeCoreTests.ImmuneRiskZone_InternalVirusModeExposureDoesNotChangeImmuneAlertOrHostHealth
TEST|Passed|0.0035874|LastHost.Prototype.Tests.EditMode.RatHostPrototypeCoreTests.ImmuneRiskZone_MutationReturnGraceSuppressesImmediateContaminationOnly
TEST|Passed|0.1113176|LastHost.Prototype.Tests.EditMode.RatHostPrototypeCoreTests.ImmuneRiskZone_NearbyRatInputTowardZoneTriggersForcedControlFeedback
TEST|Passed|0.0010529|LastHost.Prototype.Tests.EditMode.RatHostPrototypeCoreTests.ImmuneRiskZone_NonRatStayDoesNotChangeImmuneAlertOrHostHealth
TEST|Passed|0.0027164|LastHost.Prototype.Tests.EditMode.RatHostPrototypeCoreTests.ImmuneRiskZone_OverlappingRatBoundsStoresContaminationFeedbackWithoutTriggerCallback
TEST|Passed|0.0009686|LastHost.Prototype.Tests.EditMode.RatHostPrototypeCoreTests.ImmuneRiskZone_RatStayStoresContaminationFeedbackAndActualDelta
TEST|Passed|0.0013548|LastHost.Prototype.Tests.EditMode.RatHostPrototypeCoreTests.ImmuneSignalSuppression_AccurateInputsReachSuccess
TEST|Passed|0.0003529|LastHost.Prototype.Tests.EditMode.RatHostPrototypeCoreTests.ImmuneSignalSuppression_MissedSignalsFailWhenGoalIsImpossible
TEST|Passed|0.0003311|LastHost.Prototype.Tests.EditMode.RatHostPrototypeCoreTests.ImmuneSignalSuppression_MistimedInputsDamageStabilityAndCanFail
TEST|Passed|0.0008677|LastHost.Prototype.Tests.EditMode.RatHostPrototypeCoreTests.ImmuneSignalSuppression_StageOneKeepsFixedNormalIntervals
TEST|Passed|0.0015646|LastHost.Prototype.Tests.EditMode.RatHostPrototypeCoreTests.ImmuneSignalSuppression_StageTwoUsesDeterministicFastSignalIntervalAndResets
TEST|Passed|0.0043286|LastHost.Prototype.Tests.EditMode.RatHostPrototypeCoreTests.MutationLoadout_AppliesPrototypeEffects
TEST|Passed|0.0021857|LastHost.Prototype.Tests.EditMode.RatHostPrototypeCoreTests.PrototypeCameraController_CyclesThroughThirdPersonQuarterViewAndTopView
TEST|Passed|0.0015342|LastHost.Prototype.Tests.EditMode.RatHostPrototypeCoreTests.PrototypeCameraController_QuarterViewFollowsHostWithoutSmoothingLag
TEST|Passed|0.0028626|LastHost.Prototype.Tests.EditMode.RatHostPrototypeCoreTests.PrototypeCameraController_QuarterViewOutputPixelSnapOnlySnapsCameraScreenPlane
TEST|Passed|0.0013462|LastHost.Prototype.Tests.EditMode.RatHostPrototypeCoreTests.PrototypeCameraController_QuarterViewUsesLeftRearDominantCameraAxis
TEST|Passed|0.0009808|LastHost.Prototype.Tests.EditMode.RatHostPrototypeCoreTests.PrototypeCameraController_ThirdPersonDoesNotOrbitWhenRatTurns
TEST|Passed|0.000821|LastHost.Prototype.Tests.EditMode.RatHostPrototypeCoreTests.PrototypeCameraController_TopViewLooksStraightDown
TEST|Passed|0.0007192|LastHost.Prototype.Tests.EditMode.RatHostPrototypeCoreTests.PrototypeCameraOutputPixelSnapper_UsesOriginalPositionForNonOrthographicOrInvalidHeight
TEST|Passed|0.0048936|LastHost.Prototype.Tests.EditMode.RatHostPrototypeCoreTests.PrototypeHud_ReturnsToRiskPromptAfterImmuneAlertFeedbackExpires
TEST|Passed|0.0022837|LastHost.Prototype.Tests.EditMode.RatHostPrototypeCoreTests.PrototypeHud_ShowsImmuneAlertCauseFeedbackBeforeRatObjective
TEST|Passed|0.0026634|LastHost.Prototype.Tests.EditMode.RatHostPrototypeCoreTests.PrototypeHud_ShowsRecommendedVirusFailureCopyAndReturnPanel
TEST|Passed|0.0023386|LastHost.Prototype.Tests.EditMode.RatHostPrototypeCoreTests.PrototypeHud_ShowsRiskInteractionPromptWhenRatCanInteract
TEST|Passed|0.0103014|LastHost.Prototype.Tests.EditMode.RatHostPrototypeCoreTests.PrototypeHud_ShowsSignalSuppressionPanelWithMovingMarker
TEST|Passed|0.003052|LastHost.Prototype.Tests.EditMode.RatHostPrototypeCoreTests.PrototypeHud_ShowsStageTwoAndFastNextSignalStatus
TEST|Passed|0.0031099|LastHost.Prototype.Tests.EditMode.RatHostPrototypeCoreTests.PrototypeHud_ShowsVirusPatternExposureDuringInternalAndMutationSelection
TEST|Passed|0.0036668|LastHost.Prototype.Tests.EditMode.RatHostPrototypeCoreTests.PrototypeHud_SignalSuppressionCuePulsesMarkerBeforeReady
TEST|Passed|0.001034|LastHost.Prototype.Tests.EditMode.RatHostPrototypeCoreTests.PrototypeKeyboardInput_ComposesCameraRelativeMovement
TEST|Passed|0.0004543|LastHost.Prototype.Tests.EditMode.RatHostPrototypeCoreTests.PrototypeKeyboardInput_ComposesNormalizedMovement
TEST|Passed|0.0001801|LastHost.Prototype.Tests.EditMode.RatHostPrototypeCoreTests.PrototypeKeyboardInput_MapsCameraToggleKey
TEST|Passed|0.0001418|LastHost.Prototype.Tests.EditMode.RatHostPrototypeCoreTests.PrototypeKeyboardInput_MapsDebugSignalSuppressionKey
TEST|Passed|0.000142|LastHost.Prototype.Tests.EditMode.RatHostPrototypeCoreTests.PrototypeKeyboardInput_MapsInteractKey
TEST|Passed|0.0004146|LastHost.Prototype.Tests.EditMode.RatHostPrototypeCoreTests.PrototypeKeyboardInput_MapsMutationSelectionKeys
TEST|Passed|0.0775097|LastHost.Prototype.Tests.EditMode.RatHostPrototypeCoreTests.RatDirectionalSpriteAssets_ShareCanvasAndPivotForDirectionalVisibleFootOffsets
TEST|Passed|0.0022791|LastHost.Prototype.Tests.EditMode.RatHostPrototypeCoreTests.RatDirectionalSpriteView_IdleKeepsLastResolvedDirection
TEST|Passed|0.0038174|LastHost.Prototype.Tests.EditMode.RatHostPrototypeCoreTests.RatDirectionalSpriteView_KeepsGroundHeightAcrossRiskTriggerAndExcludesOwnCharacterController
TEST|Failed|0.0112231|LastHost.Prototype.Tests.EditMode.RatHostPrototypeCoreTests.RatDirectionalSpriteView_PixelSnapKeepsHostAndGroundClearanceWhileSnappingVisualHorizontally
MESSAGE|  Expected: (0.12, 0.17, -0.10)    But was:  (0.12, 0.17, -0.10)
STACK|at LastHost.Prototype.Tests.EditMode.RatHostPrototypeCoreTests.RatDirectionalSpriteView_PixelSnapKeepsHostAndGroundClearanceWhileSnappingVisualHorizontally () [0x002b9] in C:\project\Last-Host\UnityProject\Assets\_Project\Tests\EditMode\RatHostPrototypeCoreTests.cs:1794
TEST|Passed|0.006181|LastHost.Prototype.Tests.EditMode.RatHostPrototypeCoreTests.RatDirectionalSpriteView_WalkCyclesAtEightFpsAndReturnsToLastIdleDirection
TEST|Passed|0.0006612|LastHost.Prototype.Tests.EditMode.RatHostPrototypeCoreTests.RatDirectionQuantizer_MapsAllEightCameraRelativeDirections
TEST|Passed|0.1388593|LastHost.Prototype.Tests.EditMode.RatHostPrototypeCoreTests.RatHostController_UpdateDoesNotMoveInactiveCharacterController
TEST|Passed|0.0011857|LastHost.Prototype.Tests.EditMode.RatHostPrototypeCoreTests.RatHostControlModel_HighControlAgainstInstinctDoesNotApplyDemerit
TEST|Passed|0.0007287|LastHost.Prototype.Tests.EditMode.RatHostPrototypeCoreTests.RatHostControlModel_HighControlOverridesHostInstinct
TEST|Passed|0.0004136|LastHost.Prototype.Tests.EditMode.RatHostPrototypeCoreTests.RatHostControlModel_LowControlAgainstInstinctAppliesDemerit
TEST|Passed|0.000344|LastHost.Prototype.Tests.EditMode.RatHostPrototypeCoreTests.RatHostControlModel_LowControlKeepsPlayerInputDirection
TEST|Passed|0.0002964|LastHost.Prototype.Tests.EditMode.RatHostPrototypeCoreTests.RatHostControlModel_NoInputFollowsHostInstinctAtPassiveSpeed
TEST|Passed|0.0003767|LastHost.Prototype.Tests.EditMode.RatHostPrototypeCoreTests.RatHostControlModel_NoInputStopsWhenHostInstinctIsPaused
TEST|Passed|0.0003365|LastHost.Prototype.Tests.EditMode.RatHostPrototypeCoreTests.RatHostControlModel_PlayerInputStillWorksWhileHostInstinctIsPaused
TEST|Passed|0.0002831|LastHost.Prototype.Tests.EditMode.RatHostPrototypeCoreTests.RatHostInstinctWander_BoundarySteersAlongWallInsteadOfVerticalBounce
TEST|Passed|0.0004536|LastHost.Prototype.Tests.EditMode.RatHostPrototypeCoreTests.RatHostInstinctWander_PeriodicTurnChangesInstinctDirection
TEST|Failed|3.2072374|LastHost.Prototype.Tests.EditMode.RatHostPrototypeCoreTests.RatHostPrototypeScene_DefaultsToThirdPersonCameraController
MESSAGE|  Expected: <GameViewFrameCamera (UnityEngine.Camera)>    But was:  <IsometricCamera (UnityEngine.Camera)>
STACK|at LastHost.Prototype.Tests.EditMode.RatHostPrototypeCoreTests.RatHostPrototypeScene_DefaultsToThirdPersonCameraController () [0x00022] in C:\project\Last-Host\UnityProject\Assets\_Project\Tests\EditMode\RatHostPrototypeCoreTests.cs:2064
TEST|Passed|1.0274972|LastHost.Prototype.Tests.EditMode.RatHostPrototypeCoreTests.RatHostPrototypeScene_FailurePanelUsesReturnCopy
TEST|Passed|0.721661|LastHost.Prototype.Tests.EditMode.RatHostPrototypeCoreTests.RatHostPrototypeScene_NoisyPipeIncludesReadablePipeValveMarkers
TEST|Passed|0.7303487|LastHost.Prototype.Tests.EditMode.RatHostPrototypeCoreTests.RatHostPrototypeScene_QuarterViewOffsetUsesLeftRearDominantCameraAxis
TEST|Passed|1.0534306|LastHost.Prototype.Tests.EditMode.RatHostPrototypeCoreTests.RatHostPrototypeScene_StartsWithRatVisibleToCamera
TEST|Passed|1.1199427|LastHost.Prototype.Tests.EditMode.RatHostPrototypeCoreTests.RatHostPrototypeScene_ToxicWaterRiskZoneOverlapRaisesHudFeedback
TEST|Passed|0.832279|LastHost.Prototype.Tests.EditMode.RatHostPrototypeCoreTests.RatHostPrototypeScene_ToxicWaterRiskZoneSupportsCharacterControllerTriggerDelivery
TEST|Passed|0.0005531|LastHost.Prototype.Tests.EditMode.RatHostPrototypeCoreTests.RatVisualGroundingResolver_ExcludesTriggersAndSelectsGroundSurface
TEST|Passed|0.0005136|LastHost.Prototype.Tests.EditMode.RatHostPrototypeCoreTests.RatVisualPixelSnapper_InvalidPixelsPerUnitUsesOriginalPosition
TEST|Passed|0.0028698|LastHost.Prototype.Tests.EditMode.RatHostPrototypeCoreTests.Session_ClearsRiskPromptWhenFeedbackAlertEntersVirusMode
TEST|Passed|0.0004248|LastHost.Prototype.Tests.EditMode.RatHostPrototypeCoreTests.Session_ConfiguredBaseAlertMovesFromRatModeToVirusMode
TEST|Passed|0.0004269|LastHost.Prototype.Tests.EditMode.RatHostPrototypeCoreTests.Session_ContaminationAlertThresholdKeepsWhiteBloodCellEvasion
TEST|Passed|0.0003039|LastHost.Prototype.Tests.EditMode.RatHostPrototypeCoreTests.Session_ContinuousImmuneAlertFeedbackAccumulatesSmallSameCauseDeltas
TEST|Passed|0.0002349|LastHost.Prototype.Tests.EditMode.RatHostPrototypeCoreTests.Session_DefaultInternalMinigameTypeRemainsWhiteBloodCellEvasion
TEST|Passed|0.0003215|LastHost.Prototype.Tests.EditMode.RatHostPrototypeCoreTests.Session_DefaultRatModeTickDoesNotRaiseImmuneAlert
TEST|Passed|0.0004726|LastHost.Prototype.Tests.EditMode.RatHostPrototypeCoreTests.Session_FailedInternalResponseAddsExtraWhiteBloodCellPressure
TEST|Passed|0.0005817|LastHost.Prototype.Tests.EditMode.RatHostPrototypeCoreTests.Session_FailedVirusRunReturnsToRatModeWithoutMutationReward
TEST|Passed|0.0013448|LastHost.Prototype.Tests.EditMode.RatHostPrototypeCoreTests.Session_FirstWhiteBloodCellResponseKeepsBaseDifficulty
TEST|Passed|0.0004108|LastHost.Prototype.Tests.EditMode.RatHostPrototypeCoreTests.Session_ForcedControlAlertThresholdSelectsSignalSuppression
TEST|Passed|0.0003546|LastHost.Prototype.Tests.EditMode.RatHostPrototypeCoreTests.Session_ImmuneAlertFeedbackExpiresAfterConfiguredRatModeTime
TEST|Passed|0.0004357|LastHost.Prototype.Tests.EditMode.RatHostPrototypeCoreTests.Session_ImmuneSignalOrAlarmCausePreservesSignalSuppressionWithExistingFeedbackLabels("면역 신호")
TEST|Passed|9.3E-05|LastHost.Prototype.Tests.EditMode.RatHostPrototypeCoreTests.Session_ImmuneSignalOrAlarmCausePreservesSignalSuppressionWithExistingFeedbackLabels("경보")
TEST|Passed|0.0004321|LastHost.Prototype.Tests.EditMode.RatHostPrototypeCoreTests.Session_ImmuneSignalSuppressionFailureReturnsWithoutMutationReward
TEST|Passed|0.0003363|LastHost.Prototype.Tests.EditMode.RatHostPrototypeCoreTests.Session_ImmuneSignalSuppressionSuccessMovesToMutationSelection
TEST|Passed|0.0005802|LastHost.Prototype.Tests.EditMode.RatHostPrototypeCoreTests.Session_NoisyPipeRiskAlertStoresCauseFeedbackAndActualDelta
TEST|Passed|0.0003192|LastHost.Prototype.Tests.EditMode.RatHostPrototypeCoreTests.Session_NoisyTissueAlertThresholdSelectsSignalSuppression
TEST|Passed|0.0005158|LastHost.Prototype.Tests.EditMode.RatHostPrototypeCoreTests.Session_RatRiskInteractionAffordanceRequiresReadablePrompt
TEST|Passed|0.0004539|LastHost.Prototype.Tests.EditMode.RatHostPrototypeCoreTests.Session_RatRiskInteractionAffordanceTracksPromptAndCanClear
TEST|Passed|0.0005379|LastHost.Prototype.Tests.EditMode.RatHostPrototypeCoreTests.Session_RepeatedInternalResponsesIncreaseWhiteBloodCellSpeedMultiplier
TEST|Passed|0.0005365|LastHost.Prototype.Tests.EditMode.RatHostPrototypeCoreTests.Session_SecondInternalResponseUsesSignalSuppressionStageTwoAndPreservesOutcomeFlow
TEST|Passed|0.0005041|LastHost.Prototype.Tests.EditMode.RatHostPrototypeCoreTests.Session_SignalSuppressionCueActivatesBeforeAccurateWindow
TEST|Passed|0.0004888|LastHost.Prototype.Tests.EditMode.RatHostPrototypeCoreTests.Session_SignalSuppressionFailureMakesNextInternalResponseStageTwo
TEST|Passed|0.0004495|LastHost.Prototype.Tests.EditMode.RatHostPrototypeCoreTests.Session_SuccessThenMutationSelection_ReturnsToRatModeWithMutationEffect
TEST|Passed|0.0006287|LastHost.Prototype.Tests.EditMode.RatHostPrototypeCoreTests.Session_TypedAlertCauseSelectsMappedMinigameRegardlessOfFeedbackLabel(ContaminationExposure,WhiteBloodCellEvasion)
TEST|Passed|0.0001536|LastHost.Prototype.Tests.EditMode.RatHostPrototypeCoreTests.Session_TypedAlertCauseSelectsMappedMinigameRegardlessOfFeedbackLabel(ImmuneDetection,WhiteBloodCellEvasion)
TEST|Passed|0.0001511|LastHost.Prototype.Tests.EditMode.RatHostPrototypeCoreTests.Session_TypedAlertCauseSelectsMappedMinigameRegardlessOfFeedbackLabel(VirusPatternExposure,WhiteBloodCellEvasion)
TEST|Passed|0.0001492|LastHost.Prototype.Tests.EditMode.RatHostPrototypeCoreTests.Session_TypedAlertCauseSelectsMappedMinigameRegardlessOfFeedbackLabel(ForcedHostControl,ImmuneSignalSuppression)
TEST|Passed|0.0002339|LastHost.Prototype.Tests.EditMode.RatHostPrototypeCoreTests.Session_TypedAlertCauseSelectsMappedMinigameRegardlessOfFeedbackLabel(NoiseOrTissueIrritation,ImmuneSignalSuppression)
TEST|Passed|0.0006036|LastHost.Prototype.Tests.EditMode.RatHostPrototypeCoreTests.Session_TypedAlertCauseSelectsMappedMinigameRegardlessOfFeedbackLabel(ImmuneSignalOrAlarm,ImmuneSignalSuppression)
TEST|Passed|0.0006291|LastHost.Prototype.Tests.EditMode.RatHostPrototypeCoreTests.Session_UnlabeledAlertThresholdUsesDefaultInternalMinigame
TEST|Passed|0.0006553|LastHost.Prototype.Tests.EditMode.RatHostPrototypeCoreTests.Session_UnspecifiedTypedAndLegacyLabeledAlertsUseConfiguredDefaultMinigame
TEST|Passed|0.0005282|LastHost.Prototype.Tests.EditMode.RatHostPrototypeCoreTests.Session_VirusPatternAlertThresholdKeepsWhiteBloodCellEvasion
TEST|Passed|0.000642|LastHost.Prototype.Tests.EditMode.RatHostPrototypeCoreTests.Session_VirusPatternExposureRaisesSuccessfulReturnImmuneAlertAndClears
TEST|Passed|0.0004312|LastHost.Prototype.Tests.EditMode.RatHostPrototypeCoreTests.Session_WhiteBloodCellHitRecordsVirusPatternExposureFeedback
TEST|Passed|0.0004383|LastHost.Prototype.Tests.EditMode.RatHostPrototypeCoreTests.Session_WhiteBloodCellSpeedMultiplierIsCapped
TEST|Passed|0.0008932|LastHost.Prototype.Tests.EditMode.RatHostPrototypeCoreTests.VirusMinigame_RetryRestoresStabilityAndFragmentCount
TEST|Passed|0.0006098|LastHost.Prototype.Tests.EditMode.RatHostPrototypeCoreTests.VirusMinigame_SuccessBeatsFailure_WhenSameFrameCollectsFinalFragmentAndTakesHit
TEST|Passed|0.0014375|LastHost.Prototype.Tests.EditMode.RatHostPrototypeCoreTests.VirusMinigameController_AppliesSessionWhiteBloodCellSpeedMultiplier
RunFinished=2026-07-24T05:11:16.2846525Z
ResultState=Failed(Child)
Pass=99
Fail=2
Skip=0
Inconclusive=0
Duration=9.3474759
RunId=762073be-b8bb-40a2-af77-bf015ce2ef4a
ExecuteReturnedUtc=2026-07-24T05:11:17.1605765Z
